// Copyright 2014

package main02;

import java.io.StringReader;
import java.util.ArrayList;
import java.util.Iterator;
import java.util.LinkedList;
import java.util.List;

import com.atoito.jfmt.DumpVisitor;
import com.github.javaparser.ast.comments.Comment;
import test.javaparser.ast.visitor.VoidVisitor;

/*
 * orphan comment
 */

/**
 * test
 * @author user
 *
 */
public class Main02 {

    /**
     * Application entrypoint on a single line.
     *
     * @param args
     *            The args.
     */
    public static void main(String[] args) {
        System.out.println("hello");
    }
}
